PS C:\Users\Jai\Desktop\GIT Working> cd gitpractice-Jai-1
PS C:\Users\Jai\Desktop\GIT Working\gitpractice-Jai-1> git status
On branch main
nothing to commit, working tree clean
PS C:\Users\Jai\Desktop\GIT Working\gitpractice-Jai-1> git branch -a
* main
  remotes/origin/main
PS C:\Users\Jai\Desktop\GIT Working\gitpractice-Jai-1> git pull
 * [new branch]      gitbranch  -> origin/gitbranch
There is no tracking information for the current branch.
Please specify which branch you want to merge with.

    git pull <remote> <branch>
If you wish to set tracking information for this branch you can do so with:

    git branch --set-upstream-to=origin/<branch> main

PS C:\Users\Jai\Desktop\GIT Working\gitpractice-Jai-1> git branch -a
* main
  remotes/origin/gitbranch
  remotes/origin/main
PS C:\Users\Jai\Desktop\GIT Working\gitpractice-Jai-1> git checkout gitbranch
branch 'gitbranch' set up to track 'origin/gitbranch'.
Switched to a new branch 'gitbranch'
PS C:\Users\Jai\Desktop\GIT Working\gitpractice-Jai-1> git branch -a
* gitbranch
  main
  remotes/origin/gitbranch
  remotes/origin/main
PS C:\Users\Jai\Desktop\GIT Working\gitpractice-Jai-1>
